Entrez la valeur de x où l'on veut calculer cos(x) :
Entrez le nombre de décimales que vous voulez :
Cosinus : -4.16154e-01
Sinus : 9.09294e-01
