Bienvenue au juste prix !
Veuillez entrer le nombre de parties que vous voulez faire :
Entrez un nombre entre 1 et 100...
Entrez un nombre entre 1 et 100...
Plus petit !
Entrez un nombre entre 1 et 100...
Plus petit !
Entrez un nombre entre 1 et 100...
Plus petit !
Entrez un nombre entre 1 et 100...
Plus grand !
Entrez un nombre entre 1 et 100...
Plus grand !
Bravo, le nombre Ã©tait bien 10 !
